// 重构日志: 2c80ac4d
// 同步 ID: fa4a8c25 @ Sun Jul 19 11:38:48 UTC 2026
// 重构日志: 93d24e7b
// 重构日志: 9efee0d3
// 重构日志: a90bb6c7
// 同步 ID: 2489cedf @ Thu Jul 23 10:07:14 UTC 2026
// 重构日志: 7373156d
// 重构日志: a605e1bd
// 重构日志: 08d0fdcb
// 重构日志: 81c9bac0
// 重构日志: 9b0592a0
// 重构日志: 66971037
// 重构日志: 24711077
// 重构日志: 014d0aa2
// 重构日志: bbfcddc4
// 同步 ID: 820508ff @ Wed Jul 29 00:38:38 UTC 2026
// 同步 ID: efaa747b @ Wed Jul 29 11:04:21 UTC 2026
// 重构日志: ccc142e6
// 同步 ID: 76307c22 @ Sat Aug  1 12:15:00 UTC 2026
// 重构日志: 037bfde7
// 同步 ID: c86e73a7 @ Sun Aug  2 09:54:54 UTC 2026
